******************************************************************************
                  MSP430 Linker Unix v21.6.1                   
******************************************************************************
>> Linked Mon May 12 18:31:48 2025

OUTPUT FILE NAME:   <main.out>
ENTRY POINT SYMBOL: "_c_int00_noargs"  address: 0000da62


MEMORY CONFIGURATION

         name            origin    length      used     unused   attr    fill
----------------------  --------  ---------  --------  --------  ----  --------
  SFR                   00000000   00000010  00000000  00000010  RWIX
  PERIPHERALS_8BIT      00000010   000000f0  00000000  000000f0  RWIX
  PERIPHERALS_16BIT     00000100   00000100  00000000  00000100  RWIX
  RAM                   00000200   00000200  00000072  0000018e  RWIX
  INFOD                 00001000   00000040  00000000  00000040  RWIX
  INFOC                 00001040   00000040  00000000  00000040  RWIX
  INFOB                 00001080   00000040  00000000  00000040  RWIX
  INFOA                 000010c0   00000040  00000000  00000040  RWIX
  FLASH                 0000c000   00003fde  00001b8c  00002452  RWIX
  BSLSIGNATURE          0000ffde   00000002  00000002  00000000  RWIX  ffff 
  INT00                 0000ffe0   00000002  00000002  00000000  RWIX
  INT01                 0000ffe2   00000002  00000000  00000002  RWIX
  INT02                 0000ffe4   00000002  00000002  00000000  RWIX
  INT03                 0000ffe6   00000002  00000002  00000000  RWIX
  INT04                 0000ffe8   00000002  00000000  00000002  RWIX
  INT05                 0000ffea   00000002  00000002  00000000  RWIX
  INT06                 0000ffec   00000002  00000002  00000000  RWIX
  INT07                 0000ffee   00000002  00000002  00000000  RWIX
  INT08                 0000fff0   00000002  00000002  00000000  RWIX
  INT09                 0000fff2   00000002  00000002  00000000  RWIX
  INT10                 0000fff4   00000002  00000002  00000000  RWIX
  INT11                 0000fff6   00000002  00000002  00000000  RWIX
  INT12                 0000fff8   00000002  00000002  00000000  RWIX
  INT13                 0000fffa   00000002  00000002  00000000  RWIX
  INT14                 0000fffc   00000002  00000002  00000000  RWIX
  RESET                 0000fffe   00000002  00000002  00000000  RWIX


SECTION ALLOCATION MAP

 output                                  attributes/
section   page    origin      length       input sections
--------  ----  ----------  ----------   ----------------
.bss       0    00000200    00000014     UNINITIALIZED
                  00000200    0000000a     (.common:disparo)
                  0000020a    0000000a     (.common:disparoi)

.data      0    00000214    0000000e     UNINITIALIZED
                  00000214    0000000e     main.obj (.data)

.stack     0    000003b0    00000050     UNINITIALIZED
                  000003b0    00000002     rts430_eabi.lib : boot.c.obj (.stack)
                  000003b2    0000004e     --HOLE--

.text      0    0000c000    00001b08     
                  0000c000    00000736     rts430_eabi.lib : addd.c.obj (.text:__mspabi_addd)
                  0000c736    000002c0                     : mpyd.c.obj (.text:__mspabi_mpyd)
                  0000c9f6    00000248     main.obj (.text:pulso)
                  0000cc3e    00000172     rts430_eabi.lib : frcmpyd.c.obj (.text:__TI_frcmpyd)
                  0000cdb0    0000014c     main.obj (.text:main)
                  0000cefc    00000132     rts430_eabi.lib : fs_add.asm.obj (.text)
                  0000d02e    00000114                     : mult64.asm.obj (.text:__mpyll)
                  0000d142    000000cc     main.obj (.text:float_to_str)
                  0000d20e    000000c4     rts430_eabi.lib : fs_mpy.asm.obj (.text)
                  0000d2d2    000000b4                     : cvtdf.c.obj (.text:__mspabi_cvtdf)
                  0000d386    0000008c     main.obj (.text:Ini_Lcd)
                  0000d412    0000007c     rts430_eabi.lib : copy_decompress_lzss.c.obj (.text:decompress:lzss:__TI_decompress_lzss)
                  0000d48e    00000076     main.obj (.text:Send_10b)
                  0000d504    00000070     rts430_eabi.lib : cvtfd.c.obj (.text:__mspabi_cvtfd)
                  0000d574    00000068                     : fs_toi.asm.obj (.text)
                  0000d5dc    0000004c                     : lsr16.asm.obj (.text)
                  0000d628    0000004a                     : asr64.c.obj (.text:__mspabi_srall)
                  0000d672    0000004a                     : fs_cmp.asm.obj (.text)
                  0000d6bc    00000046                     : lsr64.c.obj (.text:__mspabi_srlll)
                  0000d702    00000046                     : fs_tou.asm.obj (.text)
                  0000d748    00000044     main.obj (.text:Cmd_Lcd)
                  0000d78c    00000044     rts430_eabi.lib : lsl64.c.obj (.text:__mspabi_sllll)
                  0000d7d0    00000042                     : autoinit.c.obj (.text:__TI_auto_init_nobinit_nopinit:__TI_auto_init_nobinit_nopinit)
                  0000d812    0000003e                     : asr32.asm.obj (.text:l_asr_const)
                  0000d850    0000003e                     : lsl32.asm.obj (.text:l_lsl_const)
                  0000d88e    00000036                     : fs_itof.asm.obj (.text)
                  0000d8c4    0000002e                     : subd.c.obj (.text:__mspabi_subd)
                  0000d8f2    0000002c                     : asr16.asm.obj (.text)
                  0000d91e    0000002c                     : div16s.asm.obj (.text)
                  0000d94a    0000002c                     : lsl16.asm.obj (.text)
                  0000d976    00000026     main.obj (.text:Dato_Lcd)
                  0000d99c    00000026     rts430_eabi.lib : mult32.asm.obj (.text)
                  0000d9c2    00000024                     : fs_utof.asm.obj (.text)
                  0000d9e6    00000022                     : mult1632.asm.obj (.text:__mpyul)
                  0000da08    0000001e                     : mult3264.asm.obj (.text:__mpyull)
                  0000da26    0000001e     main.obj (.text:imprimir)
                  0000da44    0000001e     main.obj (.text:segundo)
                  0000da62    0000001c     rts430_eabi.lib : boot.c.obj (.text:_c_int00_noargs)
                  0000da7e    00000018     main.obj (.text:gotoxy)
                  0000da96    00000016     rts430_eabi.lib : div16u.asm.obj (.text)
                  0000daac    00000014                     : copy_zero_init.c.obj (.text:decompress:ZI:__TI_zero_init_nomemset:__TI_zero_init_nomemset)
                  0000dac0    00000012                     : copy_decompress_none.c.obj (.text:decompress:none:__TI_decompress_none)
                  0000dad2    00000012                     : memcpy.c.obj (.text:memcpy)
                  0000dae4    00000010                     : epilog.asm.obj (.text)
                  0000daf4    00000008                     : isr_trap.asm.obj (.text:_isr:__TI_ISR_TRAP)
                  0000dafc    00000006                     : exit.c.obj (.text:abort)
                  0000db02    00000004                     : pre_init.c.obj (.text:_system_pre_init)
                  0000db06    00000002                     : startup.c.obj (.text:_system_post_cinit)

.const     0    0000db08    00000060     
                  0000db08    00000060     main.obj (.const:.string)

.cinit     0    0000db68    00000024     
                  0000db68    00000011     (.cinit..data.load) [load image, compression = lzss]
                  0000db79    00000001     --HOLE-- [fill = 0]
                  0000db7a    00000006     (__TI_handler_table)
                  0000db80    00000004     (.cinit..bss.load) [load image, compression = zero_init]
                  0000db84    00000008     (__TI_cinit_table)

.binit     0    0000c000    00000000     

.init_array 
*          0    0000c000    00000000     UNINITIALIZED

TRAPINT    0    0000ffe0    00000002     
                  0000ffe0    00000002     rts430_eabi.lib : int00.asm.obj (.int00)

PORT1      0    0000ffe4    00000002     
                  0000ffe4    00000002     main.obj (.int02)

PORT2      0    0000ffe6    00000002     
                  0000ffe6    00000002     rts430_eabi.lib : int03.asm.obj (.int03)

ADC10      0    0000ffea    00000002     
                  0000ffea    00000002     rts430_eabi.lib : int05.asm.obj (.int05)

USCIAB0TX 
*          0    0000ffec    00000002     
                  0000ffec    00000002     rts430_eabi.lib : int06.asm.obj (.int06)

USCIAB0RX 
*          0    0000ffee    00000002     
                  0000ffee    00000002     rts430_eabi.lib : int07.asm.obj (.int07)

TIMER0_A1 
*          0    0000fff0    00000002     
                  0000fff0    00000002     rts430_eabi.lib : int08.asm.obj (.int08)

TIMER0_A0 
*          0    0000fff2    00000002     
                  0000fff2    00000002     rts430_eabi.lib : int09.asm.obj (.int09)

WDT        0    0000fff4    00000002     
                  0000fff4    00000002     rts430_eabi.lib : int10.asm.obj (.int10)

COMPARATORA 
*          0    0000fff6    00000002     
                  0000fff6    00000002     rts430_eabi.lib : int11.asm.obj (.int11)

TIMER1_A1 
*          0    0000fff8    00000002     
                  0000fff8    00000002     rts430_eabi.lib : int12.asm.obj (.int12)

TIMER1_A0 
*          0    0000fffa    00000002     
                  0000fffa    00000002     main.obj (.int13)

NMI        0    0000fffc    00000002     
                  0000fffc    00000002     rts430_eabi.lib : int14.asm.obj (.int14)

.reset     0    0000fffe    00000002     
                  0000fffe    00000002     rts430_eabi.lib : boot.c.obj (.reset)

$fill000   0    0000ffde    00000002     
                  0000ffde    00000002     --HOLE-- [fill = ffff]

MODULE SUMMARY

       Module                       code   ro data   rw data
       ------                       ----   -------   -------
    <current directory>
       main.obj                     1568   100       34     
    +--+----------------------------+------+---------+---------+
       Total:                       1568   100       34     
                                                            
    /home/foxi/ti/ccs2002/ccs/tools/compiler/ti-cgt-msp430_21.6.1.LTS/lib/rts430_eabi.lib
       addd.c.obj                   1846   0         0      
       mpyd.c.obj                   704    0         0      
       frcmpyd.c.obj                370    0         0      
       fs_add.asm.obj               306    0         0      
       mult64.asm.obj               276    0         0      
       fs_mpy.asm.obj               196    0         0      
       cvtdf.c.obj                  180    0         0      
       copy_decompress_lzss.c.obj   124    0         0      
       cvtfd.c.obj                  112    0         0      
       fs_toi.asm.obj               104    0         0      
       lsr16.asm.obj                76     0         0      
       asr64.c.obj                  74     0         0      
       fs_cmp.asm.obj               74     0         0      
       fs_tou.asm.obj               70     0         0      
       lsr64.c.obj                  70     0         0      
       lsl64.c.obj                  68     0         0      
       autoinit.c.obj               66     0         0      
       asr32.asm.obj                62     0         0      
       lsl32.asm.obj                62     0         0      
       fs_itof.asm.obj              54     0         0      
       subd.c.obj                   46     0         0      
       asr16.asm.obj                44     0         0      
       div16s.asm.obj               44     0         0      
       lsl16.asm.obj                44     0         0      
       mult32.asm.obj               38     0         0      
       fs_utof.asm.obj              36     0         0      
       mult1632.asm.obj             34     0         0      
       boot.c.obj                   28     2         0      
       mult3264.asm.obj             30     0         0      
       div16u.asm.obj               22     0         0      
       copy_zero_init.c.obj         20     0         0      
       copy_decompress_none.c.obj   18     0         0      
       memcpy.c.obj                 18     0         0      
       epilog.asm.obj               16     0         0      
       isr_trap.asm.obj             8      0         0      
       exit.c.obj                   6      0         0      
       pre_init.c.obj               4      0         0      
       int00.asm.obj                0      2         0      
       int03.asm.obj                0      2         0      
       int05.asm.obj                0      2         0      
       int06.asm.obj                0      2         0      
       int07.asm.obj                0      2         0      
       int08.asm.obj                0      2         0      
       int09.asm.obj                0      2         0      
       int10.asm.obj                0      2         0      
       int11.asm.obj                0      2         0      
       int12.asm.obj                0      2         0      
       int14.asm.obj                0      2         0      
       startup.c.obj                2      0         0      
    +--+----------------------------+------+---------+---------+
       Total:                       5352   24        0      
                                                            
       Stack:                       0      0         80     
       Linker Generated:            0      35        0      
    +--+----------------------------+------+---------+---------+
       Grand Total:                 6920   159       114    


LINKER GENERATED COPY TABLES

__TI_cinit_table @ 0000db84 records: 2, size/record: 4, table size: 8
	.data: load addr=0000db68, load size=00000011 bytes, run addr=00000214, run size=0000000e bytes, compression=lzss
	.bss: load addr=0000db80, load size=00000004 bytes, run addr=00000200, run size=00000014 bytes, compression=zero_init


LINKER GENERATED HANDLER TABLE

__TI_handler_table @ 0000db7a records: 3, size/record: 2, table size: 6
	index: 0, handler: __TI_zero_init
	index: 1, handler: __TI_decompress_lzss
	index: 2, handler: __TI_decompress_none


GLOBAL SYMBOLS: SORTED ALPHABETICALLY BY Name 

address   name                          
-------   ----                          
0000004a  ADC10AE0                      
000001b0  ADC10CTL0                     
000001b2  ADC10CTL1                     
00000048  ADC10DTC0                     
00000049  ADC10DTC1                     
000001b4  ADC10MEM                      
000001bc  ADC10SA                       
00000057  BCSCTL1                       
00000058  BCSCTL2                       
00000053  BCSCTL3                       
0000dafc  C$$EXIT                       
00000059  CACTL1                        
0000005a  CACTL2                        
000010fb  CALBC1_12MHZ                  
000010f9  CALBC1_16MHZ                  
000010ff  CALBC1_1MHZ                   
000010fd  CALBC1_8MHZ                   
000010fa  CALDCO_12MHZ                  
000010f8  CALDCO_16MHZ                  
000010fe  CALDCO_1MHZ                   
000010fc  CALDCO_8MHZ                   
0000005b  CAPD                          
0000d748  Cmd_Lcd                       
00000056  DCOCTL                        
0000d976  Dato_Lcd                      
00000128  FCTL1                         
0000012a  FCTL2                         
0000012c  FCTL3                         
00000000  IE1                           
00000001  IE2                           
00000002  IFG1                          
00000003  IFG2                          
0000d386  Ini_Lcd                       
00000022  P1DIR                         
00000025  P1IE                          
00000024  P1IES                         
00000023  P1IFG                         
00000020  P1IN                          
00000021  P1OUT                         
00000027  P1REN                         
00000026  P1SEL                         
00000041  P1SEL2                        
0000002a  P2DIR                         
0000002d  P2IE                          
0000002c  P2IES                         
0000002b  P2IFG                         
00000028  P2IN                          
00000029  P2OUT                         
0000002f  P2REN                         
0000002e  P2SEL                         
00000042  P2SEL2                        
0000001a  P3DIR                         
00000018  P3IN                          
00000019  P3OUT                         
00000010  P3REN                         
0000001b  P3SEL                         
00000043  P3SEL2                        
0000d48e  Send_10b                      
00000172  TA0CCR0                       
00000174  TA0CCR1                       
00000176  TA0CCR2                       
00000162  TA0CCTL0                      
00000164  TA0CCTL1                      
00000166  TA0CCTL2                      
00000160  TA0CTL                        
0000012e  TA0IV                         
00000170  TA0R                          
00000192  TA1CCR0                       
00000194  TA1CCR1                       
00000196  TA1CCR2                       
00000182  TA1CCTL0                      
00000184  TA1CCTL1                      
00000186  TA1CCTL2                      
00000180  TA1CTL                        
0000011e  TA1IV                         
00000190  TA1R                          
000010db  TLV_ADC10_1_LEN               
000010da  TLV_ADC10_1_TAG               
000010c0  TLV_CHECKSUM                  
000010f7  TLV_DCO_30_LEN                
000010f6  TLV_DCO_30_TAG                
0000005d  UCA0ABCTL                     
00000062  UCA0BR0                       
00000063  UCA0BR1                       
00000060  UCA0CTL0                      
00000061  UCA0CTL1                      
0000005f  UCA0IRRCTL                    
0000005e  UCA0IRTCTL                    
00000064  UCA0MCTL                      
00000066  UCA0RXBUF                     
00000065  UCA0STAT                      
00000067  UCA0TXBUF                     
0000006a  UCB0BR0                       
0000006b  UCB0BR1                       
00000068  UCB0CTL0                      
00000069  UCB0CTL1                      
0000006c  UCB0I2CIE                     
00000118  UCB0I2COA                     
0000011a  UCB0I2CSA                     
0000006e  UCB0RXBUF                     
0000006d  UCB0STAT                      
0000006f  UCB0TXBUF                     
00000120  WDTCTL                        
00000400  __STACK_END                   
00000050  __STACK_SIZE                  
0000db84  __TI_CINIT_Base               
0000db8c  __TI_CINIT_Limit              
0000db8c  __TI_CINIT_Warm               
0000db7a  __TI_Handler_Table_Base       
0000db80  __TI_Handler_Table_Limit      
0000daf4  __TI_ISR_TRAP                 
0000d7d0  __TI_auto_init_nobinit_nopinit
0000d412  __TI_decompress_lzss          
0000dac0  __TI_decompress_none          
0000cc3e  __TI_frcmpyd                  
0000ffe0  __TI_int00                    
0000ffe4  __TI_int02                    
0000ffe6  __TI_int03                    
0000ffea  __TI_int05                    
0000ffec  __TI_int06                    
0000ffee  __TI_int07                    
0000fff0  __TI_int08                    
0000fff2  __TI_int09                    
0000fff4  __TI_int10                    
0000fff6  __TI_int11                    
0000fff8  __TI_int12                    
0000fffa  __TI_int13                    
0000fffc  __TI_int14                    
ffffffff  __TI_pprof_out_hndl           
ffffffff  __TI_prof_data_size           
ffffffff  __TI_prof_data_start          
0000daac  __TI_zero_init_nomemset       
ffffffff  __c_args__                    
0000c000  __mspabi_addd                 
0000cf02  __mspabi_addf                 
0000d672  __mspabi_cmpf                 
0000d2d2  __mspabi_cvtdf                
0000d504  __mspabi_cvtfd                
0000d91e  __mspabi_divi                 
0000da96  __mspabi_divu                 
0000d574  __mspabi_fixfi                
0000d702  __mspabi_fixfu                
0000d88e  __mspabi_fltif                
0000d9c2  __mspabi_fltuf                
0000daf0  __mspabi_func_epilog_1        
0000daee  __mspabi_func_epilog_2        
0000daec  __mspabi_func_epilog_3        
0000daea  __mspabi_func_epilog_4        
0000dae8  __mspabi_func_epilog_5        
0000dae6  __mspabi_func_epilog_6        
0000dae4  __mspabi_func_epilog_7        
0000c736  __mspabi_mpyd                 
0000d20e  __mspabi_mpyf                 
0000d99c  __mspabi_mpyl                 
0000d99c  __mspabi_mpyl_sw              
0000d02e  __mspabi_mpyll                
0000d02e  __mspabi_mpyll_sw             
0000d9e6  __mspabi_mpyul                
0000d9e6  __mspabi_mpyul_sw             
0000da08  __mspabi_mpyull               
0000da08  __mspabi_mpyull_sw            
0000d91e  __mspabi_remi                 
0000da96  __mspabi_remu                 
0000d94a  __mspabi_slli                 
0000d972  __mspabi_slli_1               
0000d960  __mspabi_slli_10              
0000d95e  __mspabi_slli_11              
0000d95c  __mspabi_slli_12              
0000d95a  __mspabi_slli_13              
0000d958  __mspabi_slli_14              
0000d956  __mspabi_slli_15              
0000d970  __mspabi_slli_2               
0000d96e  __mspabi_slli_3               
0000d96c  __mspabi_slli_4               
0000d96a  __mspabi_slli_5               
0000d968  __mspabi_slli_6               
0000d966  __mspabi_slli_7               
0000d964  __mspabi_slli_8               
0000d962  __mspabi_slli_9               
0000d888  __mspabi_slll_1               
0000d864  __mspabi_slll_10              
0000d860  __mspabi_slll_11              
0000d85c  __mspabi_slll_12              
0000d858  __mspabi_slll_13              
0000d854  __mspabi_slll_14              
0000d850  __mspabi_slll_15              
0000d884  __mspabi_slll_2               
0000d880  __mspabi_slll_3               
0000d87c  __mspabi_slll_4               
0000d878  __mspabi_slll_5               
0000d874  __mspabi_slll_6               
0000d870  __mspabi_slll_7               
0000d86c  __mspabi_slll_8               
0000d868  __mspabi_slll_9               
0000d78c  __mspabi_sllll                
0000d8f2  __mspabi_srai                 
0000d91a  __mspabi_srai_1               
0000d908  __mspabi_srai_10              
0000d906  __mspabi_srai_11              
0000d904  __mspabi_srai_12              
0000d902  __mspabi_srai_13              
0000d900  __mspabi_srai_14              
0000d8fe  __mspabi_srai_15              
0000d918  __mspabi_srai_2               
0000d916  __mspabi_srai_3               
0000d914  __mspabi_srai_4               
0000d912  __mspabi_srai_5               
0000d910  __mspabi_srai_6               
0000d90e  __mspabi_srai_7               
0000d90c  __mspabi_srai_8               
0000d90a  __mspabi_srai_9               
0000d84a  __mspabi_sral_1               
0000d826  __mspabi_sral_10              
0000d822  __mspabi_sral_11              
0000d81e  __mspabi_sral_12              
0000d81a  __mspabi_sral_13              
0000d816  __mspabi_sral_14              
0000d812  __mspabi_sral_15              
0000d846  __mspabi_sral_2               
0000d842  __mspabi_sral_3               
0000d83e  __mspabi_sral_4               
0000d83a  __mspabi_sral_5               
0000d836  __mspabi_sral_6               
0000d832  __mspabi_sral_7               
0000d82e  __mspabi_sral_8               
0000d82a  __mspabi_sral_9               
0000d628  __mspabi_srall                
0000d5dc  __mspabi_srli                 
0000d622  __mspabi_srli_1               
0000d5fe  __mspabi_srli_10              
0000d5fa  __mspabi_srli_11              
0000d5f6  __mspabi_srli_12              
0000d5f2  __mspabi_srli_13              
0000d5ee  __mspabi_srli_14              
0000d5ea  __mspabi_srli_15              
0000d61e  __mspabi_srli_2               
0000d61a  __mspabi_srli_3               
0000d616  __mspabi_srli_4               
0000d612  __mspabi_srli_5               
0000d60e  __mspabi_srli_6               
0000d60a  __mspabi_srli_7               
0000d606  __mspabi_srli_8               
0000d602  __mspabi_srli_9               
0000d6bc  __mspabi_srlll                
0000d8c4  __mspabi_subd                 
0000cefc  __mspabi_subf                 
0000da62  _c_int00_noargs               
0000fffe  _reset_vector                 
000003b0  _stack                        
0000db06  _system_post_cinit            
0000db02  _system_pre_init              
00000214  a                             
0000dafc  abort                         
00000221  apagado                       
00000216  contador                      
00000200  disparo                       
0000020a  disparoi                      
00000220  enable                        
0000021c  fase                          
0000d142  float_to_str                  
0000da7e  gotoxy                        
0000da26  imprimir                      
0000cdb0  main                          
0000dad2  memcpy                        
0000c9f6  pulso                         
00000218  retardo                       
0000da44  segundo                       


GLOBAL SYMBOLS: SORTED BY Symbol Address 

address   name                          
-------   ----                          
00000000  IE1                           
00000001  IE2                           
00000002  IFG1                          
00000003  IFG2                          
00000010  P3REN                         
00000018  P3IN                          
00000019  P3OUT                         
0000001a  P3DIR                         
0000001b  P3SEL                         
00000020  P1IN                          
00000021  P1OUT                         
00000022  P1DIR                         
00000023  P1IFG                         
00000024  P1IES                         
00000025  P1IE                          
00000026  P1SEL                         
00000027  P1REN                         
00000028  P2IN                          
00000029  P2OUT                         
0000002a  P2DIR                         
0000002b  P2IFG                         
0000002c  P2IES                         
0000002d  P2IE                          
0000002e  P2SEL                         
0000002f  P2REN                         
00000041  P1SEL2                        
00000042  P2SEL2                        
00000043  P3SEL2                        
00000048  ADC10DTC0                     
00000049  ADC10DTC1                     
0000004a  ADC10AE0                      
00000050  __STACK_SIZE                  
00000053  BCSCTL3                       
00000056  DCOCTL                        
00000057  BCSCTL1                       
00000058  BCSCTL2                       
00000059  CACTL1                        
0000005a  CACTL2                        
0000005b  CAPD                          
0000005d  UCA0ABCTL                     
0000005e  UCA0IRTCTL                    
0000005f  UCA0IRRCTL                    
00000060  UCA0CTL0                      
00000061  UCA0CTL1                      
00000062  UCA0BR0                       
00000063  UCA0BR1                       
00000064  UCA0MCTL                      
00000065  UCA0STAT                      
00000066  UCA0RXBUF                     
00000067  UCA0TXBUF                     
00000068  UCB0CTL0                      
00000069  UCB0CTL1                      
0000006a  UCB0BR0                       
0000006b  UCB0BR1                       
0000006c  UCB0I2CIE                     
0000006d  UCB0STAT                      
0000006e  UCB0RXBUF                     
0000006f  UCB0TXBUF                     
00000118  UCB0I2COA                     
0000011a  UCB0I2CSA                     
0000011e  TA1IV                         
00000120  WDTCTL                        
00000128  FCTL1                         
0000012a  FCTL2                         
0000012c  FCTL3                         
0000012e  TA0IV                         
00000160  TA0CTL                        
00000162  TA0CCTL0                      
00000164  TA0CCTL1                      
00000166  TA0CCTL2                      
00000170  TA0R                          
00000172  TA0CCR0                       
00000174  TA0CCR1                       
00000176  TA0CCR2                       
00000180  TA1CTL                        
00000182  TA1CCTL0                      
00000184  TA1CCTL1                      
00000186  TA1CCTL2                      
00000190  TA1R                          
00000192  TA1CCR0                       
00000194  TA1CCR1                       
00000196  TA1CCR2                       
000001b0  ADC10CTL0                     
000001b2  ADC10CTL1                     
000001b4  ADC10MEM                      
000001bc  ADC10SA                       
00000200  disparo                       
0000020a  disparoi                      
00000214  a                             
00000216  contador                      
00000218  retardo                       
0000021c  fase                          
00000220  enable                        
00000221  apagado                       
000003b0  _stack                        
00000400  __STACK_END                   
000010c0  TLV_CHECKSUM                  
000010da  TLV_ADC10_1_TAG               
000010db  TLV_ADC10_1_LEN               
000010f6  TLV_DCO_30_TAG                
000010f7  TLV_DCO_30_LEN                
000010f8  CALDCO_16MHZ                  
000010f9  CALBC1_16MHZ                  
000010fa  CALDCO_12MHZ                  
000010fb  CALBC1_12MHZ                  
000010fc  CALDCO_8MHZ                   
000010fd  CALBC1_8MHZ                   
000010fe  CALDCO_1MHZ                   
000010ff  CALBC1_1MHZ                   
0000c000  __mspabi_addd                 
0000c736  __mspabi_mpyd                 
0000c9f6  pulso                         
0000cc3e  __TI_frcmpyd                  
0000cdb0  main                          
0000cefc  __mspabi_subf                 
0000cf02  __mspabi_addf                 
0000d02e  __mspabi_mpyll                
0000d02e  __mspabi_mpyll_sw             
0000d142  float_to_str                  
0000d20e  __mspabi_mpyf                 
0000d2d2  __mspabi_cvtdf                
0000d386  Ini_Lcd                       
0000d412  __TI_decompress_lzss          
0000d48e  Send_10b                      
0000d504  __mspabi_cvtfd                
0000d574  __mspabi_fixfi                
0000d5dc  __mspabi_srli                 
0000d5ea  __mspabi_srli_15              
0000d5ee  __mspabi_srli_14              
0000d5f2  __mspabi_srli_13              
0000d5f6  __mspabi_srli_12              
0000d5fa  __mspabi_srli_11              
0000d5fe  __mspabi_srli_10              
0000d602  __mspabi_srli_9               
0000d606  __mspabi_srli_8               
0000d60a  __mspabi_srli_7               
0000d60e  __mspabi_srli_6               
0000d612  __mspabi_srli_5               
0000d616  __mspabi_srli_4               
0000d61a  __mspabi_srli_3               
0000d61e  __mspabi_srli_2               
0000d622  __mspabi_srli_1               
0000d628  __mspabi_srall                
0000d672  __mspabi_cmpf                 
0000d6bc  __mspabi_srlll                
0000d702  __mspabi_fixfu                
0000d748  Cmd_Lcd                       
0000d78c  __mspabi_sllll                
0000d7d0  __TI_auto_init_nobinit_nopinit
0000d812  __mspabi_sral_15              
0000d816  __mspabi_sral_14              
0000d81a  __mspabi_sral_13              
0000d81e  __mspabi_sral_12              
0000d822  __mspabi_sral_11              
0000d826  __mspabi_sral_10              
0000d82a  __mspabi_sral_9               
0000d82e  __mspabi_sral_8               
0000d832  __mspabi_sral_7               
0000d836  __mspabi_sral_6               
0000d83a  __mspabi_sral_5               
0000d83e  __mspabi_sral_4               
0000d842  __mspabi_sral_3               
0000d846  __mspabi_sral_2               
0000d84a  __mspabi_sral_1               
0000d850  __mspabi_slll_15              
0000d854  __mspabi_slll_14              
0000d858  __mspabi_slll_13              
0000d85c  __mspabi_slll_12              
0000d860  __mspabi_slll_11              
0000d864  __mspabi_slll_10              
0000d868  __mspabi_slll_9               
0000d86c  __mspabi_slll_8               
0000d870  __mspabi_slll_7               
0000d874  __mspabi_slll_6               
0000d878  __mspabi_slll_5               
0000d87c  __mspabi_slll_4               
0000d880  __mspabi_slll_3               
0000d884  __mspabi_slll_2               
0000d888  __mspabi_slll_1               
0000d88e  __mspabi_fltif                
0000d8c4  __mspabi_subd                 
0000d8f2  __mspabi_srai                 
0000d8fe  __mspabi_srai_15              
0000d900  __mspabi_srai_14              
0000d902  __mspabi_srai_13              
0000d904  __mspabi_srai_12              
0000d906  __mspabi_srai_11              
0000d908  __mspabi_srai_10              
0000d90a  __mspabi_srai_9               
0000d90c  __mspabi_srai_8               
0000d90e  __mspabi_srai_7               
0000d910  __mspabi_srai_6               
0000d912  __mspabi_srai_5               
0000d914  __mspabi_srai_4               
0000d916  __mspabi_srai_3               
0000d918  __mspabi_srai_2               
0000d91a  __mspabi_srai_1               
0000d91e  __mspabi_divi                 
0000d91e  __mspabi_remi                 
0000d94a  __mspabi_slli                 
0000d956  __mspabi_slli_15              
0000d958  __mspabi_slli_14              
0000d95a  __mspabi_slli_13              
0000d95c  __mspabi_slli_12              
0000d95e  __mspabi_slli_11              
0000d960  __mspabi_slli_10              
0000d962  __mspabi_slli_9               
0000d964  __mspabi_slli_8               
0000d966  __mspabi_slli_7               
0000d968  __mspabi_slli_6               
0000d96a  __mspabi_slli_5               
0000d96c  __mspabi_slli_4               
0000d96e  __mspabi_slli_3               
0000d970  __mspabi_slli_2               
0000d972  __mspabi_slli_1               
0000d976  Dato_Lcd                      
0000d99c  __mspabi_mpyl                 
0000d99c  __mspabi_mpyl_sw              
0000d9c2  __mspabi_fltuf                
0000d9e6  __mspabi_mpyul                
0000d9e6  __mspabi_mpyul_sw             
0000da08  __mspabi_mpyull               
0000da08  __mspabi_mpyull_sw            
0000da26  imprimir                      
0000da44  segundo                       
0000da62  _c_int00_noargs               
0000da7e  gotoxy                        
0000da96  __mspabi_divu                 
0000da96  __mspabi_remu                 
0000daac  __TI_zero_init_nomemset       
0000dac0  __TI_decompress_none          
0000dad2  memcpy                        
0000dae4  __mspabi_func_epilog_7        
0000dae6  __mspabi_func_epilog_6        
0000dae8  __mspabi_func_epilog_5        
0000daea  __mspabi_func_epilog_4        
0000daec  __mspabi_func_epilog_3        
0000daee  __mspabi_func_epilog_2        
0000daf0  __mspabi_func_epilog_1        
0000daf4  __TI_ISR_TRAP                 
0000dafc  C$$EXIT                       
0000dafc  abort                         
0000db02  _system_pre_init              
0000db06  _system_post_cinit            
0000db7a  __TI_Handler_Table_Base       
0000db80  __TI_Handler_Table_Limit      
0000db84  __TI_CINIT_Base               
0000db8c  __TI_CINIT_Limit              
0000db8c  __TI_CINIT_Warm               
0000ffe0  __TI_int00                    
0000ffe4  __TI_int02                    
0000ffe6  __TI_int03                    
0000ffea  __TI_int05                    
0000ffec  __TI_int06                    
0000ffee  __TI_int07                    
0000fff0  __TI_int08                    
0000fff2  __TI_int09                    
0000fff4  __TI_int10                    
0000fff6  __TI_int11                    
0000fff8  __TI_int12                    
0000fffa  __TI_int13                    
0000fffc  __TI_int14                    
0000fffe  _reset_vector                 
ffffffff  __TI_pprof_out_hndl           
ffffffff  __TI_prof_data_size           
ffffffff  __TI_prof_data_start          
ffffffff  __c_args__                    

[267 symbols]
